// Jest Snapshot v1, https://goo.gl/fbAQLP

exports[`<RowSpotifySearch/> renders without crashing RowSpotifySearch 1`] = `
<div
  className="row-spotify-search__root--error"
>
  <span>
    No Title
  </span>
  <div>
    <div>
      <div
        className="row-spotify-search__track-search--error"
      >
        <label
          htmlFor="undefined_artist"
        >
          artist:
          <input
            id="undefined_artist"
            onChange={[Function]}
            placeholder="artist name"
            type="text"
            value=""
          />
        </label>
        <label
          htmlFor="undefined_title"
        >
          title:
          <input
            id="undefined_title"
            onChange={[Function]}
            placeholder="song title"
            type="text"
            value=""
          />
        </label>
        <RowSearchButtonGroup
          dropDown={false}
          onShowList={[Function]}
          showList={false}
        />
      </div>
    </div>
  </div>
</div>
`;
