// Jest Snapshot v1, https://goo.gl/fbAQLP

exports[`<ChartPresenter/> renders without crashing ChartPresenter 1`] = `
<div>
  <Uncontrolled(Tabs)
    defaultActiveKey={0}
    id="chart_tabs"
  >
    <Tab
      eventKey={0}
      title={
        <i
          className="fa fa-facebook"
        >
          Posts
        </i>
      }
    >
      <ChartHeader
        error_days={Array []}
        view_chart={Array []}
      />
      <ChartTable
        data={Array []}
      />
    </Tab>
    <Tab
      eventKey={1}
      title={
        <i
          className="fa fa-spotify"
          id="chart_playlist_tab"
        >
          Playlist
        </i>
      }
    >
      <SpotifySearch
        selected={Array []}
      />
    </Tab>
    <Tab
      eventKey={2}
      title={
        <i
          className="fa fa-list"
        >
          Summary
        </i>
      }
    >
      <Summary
        selected={Array []}
      />
    </Tab>
    <Tab
      eventKey={3}
      title={
        <i
          className="fa fa-table"
        >
          West Letters
        </i>
      }
    >
      <WestLetter
        data={Array []}
      />
    </Tab>
  </Uncontrolled(Tabs)>
</div>
`;
