// Jest Snapshot v1, https://goo.gl/fbAQLP

exports[`<ChartHeader/> renders without crashing ChartPresenter 1`] = `
<div
  className="chartHeader"
>
  <div
    className="dock1"
  >
    <SongsPerDay
      error_days={Array []}
      onDaysChange={[Function]}
      songs_per_day={2}
    />
    <PickYourDate />
  </div>
  <ChartButtons
    onGetDataClick={[Function]}
    onQuickSummaryClick={[Function]}
    until="2017-03-11T13:46:00.570Z"
  />
  <FilteringOptions />
</div>
`;
