// Jest Snapshot v1, https://goo.gl/fbAQLP

exports[`<ChartHeader/> renders without crashing ChartPresenter 1`] = `
<div
  className="chart-header"
>
  <div
    className="chart-header__left_dock"
  >
    <PickYourDate
      onChange={[Function]}
      onDateChange={[Function]}
      onDaysChange={[Function]}
      show_last={31}
    />
    <SongsPerDay
      error_days={Array []}
      onDaysChange={[Function]}
      songs_per_day={2}
    />
  </div>
  <ChartButtons
    onGetDataClick={[Function]}
    onQuickSummaryClick={[Function]}
  />
  <FilteringOptions />
</div>
`;
