// Jest Snapshot v1, https://goo.gl/fbAQLP

exports[`<FilteringOptions/> renders without crashing ChartPresenter 1`] = `
<div
  className="filter_panel"
>
  <MessageControl
    checked={true}
    id="woc"
    key="woc_control"
    name="woc_text_control"
    onChange={[Function]}
    text="wielkie ogarnianie charta"
  />
  <MessageControl
    checked={true}
    id="westletter"
    key="westletter_control"
    name="westletter_text_control"
    onChange={[Function]}
    text="wcs weekly westletter"
  />
  <FilterOption
    checked={true}
    days={7}
    desc_end="days"
    desc_start="created in last"
    id="create"
    key="create_control"
    name="date_create_control"
    onChange={[Function]}
    onValueChange={[Function]}
  />
  <FilterOption
    checked={true}
    days={7}
    desc_end="days"
    desc_start="updated in last"
    id="update"
    key="update_control"
    name="date_update_control"
    onChange={[Function]}
    onValueChange={[Function]}
  />
  <FilterOption
    checked={true}
    days={0}
    desc_start="more then"
    id="more"
    key="more_control"
    name="more_then_control"
    onChange={[Function]}
    onValueChange={[Function]}
  />
  <FilterOption
    checked={false}
    days={15}
    desc_start="less then"
    id="less"
    key="less_control"
    name="less_then_control"
    onChange={[Function]}
    onValueChange={[Function]}
  />
</div>
`;

exports[`<FilteringOptions/> should be able to change state of woc checkbox 1`] = `
<OverlayTrigger
  defaultOverlayShown={false}
  overlay={
    <Popover
      bsClass="popover"
      id="filters_p"
      placement="right"
    >
      <div>
        <Checkbox
          bsClass="checkbox"
          checked={true}
          disabled={false}
          id="woc"
          inline={false}
          onChange={[Function]}
        >
          <OverlayTrigger
            defaultOverlayShown={false}
            overlay={
              <Tooltip
                bsClass="tooltip"
                id="woc_tp"
                placement="right"
              >
                Will show all [Wielkie Ogarnianie Charta]
              </Tooltip>
            }
            placement="top"
            trigger={
              Array [
                "hover",
                "focus",
              ]
            }
          >
            <span>
              [
              Wielkie Ogarnianie Charta
              ]
            </span>
          </OverlayTrigger>
        </Checkbox>
        <span>
          Show only posts:
        </span>
        <br />
        <div
          style={
            Object {
              "paddingLeft": 10,
            }
          }
        >
          <FilterOption
            check={[Function]}
            control={
              Object {
                "id": "add",
                "name": "date_added_control",
              }
            }
            description={
              Object {
                "end": " days",
                "start": "added in last ",
              }
            }
            input={
              Object {
                "max": 31,
                "name": "add_control",
              }
            }
            type="countDays"
            valueName="added_time"
          />
          <FilterOption
            check={[Function]}
            control={
              Object {
                "id": "create",
                "name": "date_create_control",
              }
            }
            description={
              Object {
                "end": " days",
                "start": "created in last ",
              }
            }
            input={
              Object {
                "max": 31,
                "name": "create_control",
              }
            }
            type="countDays"
            valueName="created_time"
          />
          <FilterOption
            check={[Function]}
            control={
              Object {
                "id": "update",
                "name": "date_update_control",
              }
            }
            description={
              Object {
                "end": " days",
                "start": "updated in last ",
              }
            }
            input={
              Object {
                "max": 31,
                "name": "update_control",
              }
            }
            type="countDays"
            valueName="updated_time"
          />
          <FilterOption
            check={[Function]}
            control={
              Object {
                "id": "more",
                "name": "more_then_control",
              }
            }
            description={
              Object {
                "start": "more then ",
              }
            }
            input={
              Object {
                "name": "more_control",
              }
            }
            type="more_or_less"
          />
          <FilterOption
            check={[Function]}
            control={
              Object {
                "id": "less",
                "name": "less_then_control",
              }
            }
            description={
              Object {
                "start": "less then ",
              }
            }
            input={
              Object {
                "name": "less_control",
              }
            }
            type="more_or_less"
          />
        </div>
      </div>
    </Popover>
  }
  placement="bottom"
  rootClose={true}
  trigger={
    Array [
      "click",
    ]
  }
>
  <Button
    active={false}
    block={false}
    bsClass="btn"
    bsStyle="info"
    disabled={false}
  >
    filters
  </Button>
</OverlayTrigger>
`;
