// Jest Snapshot v1, https://goo.gl/fbAQLP

exports[`<FilteringOptions/> renders without crashing ChartPresenter 1`] = `
<div
  className="filter-panel"
>
  <div
    className="filter-panel__header"
  >
    <h4>
      filters
    </h4>
    <button
      onClick={[Function]}
      style={
        Object {
          "border": " none",
        }
      }
    >
      <FontAwesomeIcon$1
        border={false}
        className=""
        fixedWidth={false}
        flip={null}
        icon={
          Object {
            "icon": Array [
              320,
              512,
              Array [],
              "f0d7",
              "M31.3 192h257.3c17.8 0 26.7 21.5 14.1 34.1L174.1 354.8c-7.8 7.8-20.5 7.8-28.3 0L17.2 226.1C4.6 213.5 13.5 192 31.3 192z",
            ],
            "iconName": "caret-down",
            "prefix": "fas",
          }
        }
        listItem={false}
        mask={null}
        name=""
        pull={null}
        pulse={false}
        rotation={null}
        size="2x"
        spin={false}
        symbol={false}
        transform={null}
      />
    </button>
  </div>
  <div
    className="filter-panel__containers"
  >
    <div
      className="filter-panel__containers_base"
    >
      <FilterOption
        checked={true}
        days={7}
        desc_end="days"
        desc_start="created in last"
        id="create"
        key="create_control"
        name="date_create_control"
        onChange={[Function]}
        onValueChange={[Function]}
      />
      <FilterOption
        checked={true}
        days={7}
        desc_end="days"
        desc_start="updated in last"
        id="update"
        key="update_control"
        name="date_update_control"
        onChange={[Function]}
        onValueChange={[Function]}
      />
      <FilterOption
        checked={true}
        days={0}
        desc_start="more then"
        id="more"
        key="more_control"
        name="more_then_control"
        onChange={[Function]}
        onValueChange={[Function]}
      />
      <FilterOption
        checked={false}
        days={15}
        desc_start="less then"
        id="less"
        key="less_control"
        name="less_then_control"
        onChange={[Function]}
        onValueChange={[Function]}
      />
    </div>
    <div
      className="filter-panel__containers_additional"
    />
  </div>
</div>
`;

exports[`<FilteringOptions/> should be able to change state of woc checkbox 1`] = `
<OverlayTrigger
  defaultOverlayShown={false}
  overlay={
    <Popover
      bsClass="popover"
      id="filters_p"
      placement="right"
    >
      <div>
        <Checkbox
          bsClass="checkbox"
          checked={true}
          disabled={false}
          id="woc"
          inline={false}
          onChange={[Function]}
        >
          <OverlayTrigger
            defaultOverlayShown={false}
            overlay={
              <Tooltip
                bsClass="tooltip"
                id="woc_tp"
                placement="right"
              >
                Will show all [Wielkie Ogarnianie Charta]
              </Tooltip>
            }
            placement="top"
            trigger={
              Array [
                "hover",
                "focus",
              ]
            }
          >
            <span>
              [
              Wielkie Ogarnianie Charta
              ]
            </span>
          </OverlayTrigger>
        </Checkbox>
        <span>
          Show only posts:
        </span>
        <br />
        <div
          style={
            Object {
              "paddingLeft": 10,
            }
          }
        >
          <FilterOption
            check={[Function]}
            control={
              Object {
                "id": "add",
                "name": "date_added_control",
              }
            }
            description={
              Object {
                "end": " days",
                "start": "added in last ",
              }
            }
            input={
              Object {
                "max": 31,
                "name": "add_control",
              }
            }
            type="countDays"
            valueName="added_time"
          />
          <FilterOption
            check={[Function]}
            control={
              Object {
                "id": "create",
                "name": "date_create_control",
              }
            }
            description={
              Object {
                "end": " days",
                "start": "created in last ",
              }
            }
            input={
              Object {
                "max": 31,
                "name": "create_control",
              }
            }
            type="countDays"
            valueName="created_time"
          />
          <FilterOption
            check={[Function]}
            control={
              Object {
                "id": "update",
                "name": "date_update_control",
              }
            }
            description={
              Object {
                "end": " days",
                "start": "updated in last ",
              }
            }
            input={
              Object {
                "max": 31,
                "name": "update_control",
              }
            }
            type="countDays"
            valueName="updated_time"
          />
          <FilterOption
            check={[Function]}
            control={
              Object {
                "id": "more",
                "name": "more_then_control",
              }
            }
            description={
              Object {
                "start": "more then ",
              }
            }
            input={
              Object {
                "name": "more_control",
              }
            }
            type="more_or_less"
          />
          <FilterOption
            check={[Function]}
            control={
              Object {
                "id": "less",
                "name": "less_then_control",
              }
            }
            description={
              Object {
                "start": "less then ",
              }
            }
            input={
              Object {
                "name": "less_control",
              }
            }
            type="more_or_less"
          />
        </div>
      </div>
    </Popover>
  }
  placement="bottom"
  rootClose={true}
  trigger={
    Array [
      "click",
    ]
  }
>
  <Button
    active={false}
    block={false}
    bsClass="btn"
    bsStyle="info"
    disabled={false}
  >
    filters
  </Button>
</OverlayTrigger>
`;
