// Jest Snapshot v1, https://goo.gl/fbAQLP

exports[`<Footer/> renders without crashing 1`] = `
<footer
  className="footer"
>
  <span>
    site created by 
    <a
      href="https://github.com/dracomithril"
      target="_newtab"
    >
      dracomithril
       
    </a>
    repo on
    <a
      href="https://github.com/dracomithril/WestChart_ReactApp"
      target="_newtab"
    >
      <i
        aria-hidden="true"
        className="fab fa-github"
      />
      <br />
    </a>
     v0.6.3
    <i
      className="fas fa-copyright"
    />
     Copyright 2017
  </span>
  <br />
  <span>
    Any questions? 
    <a
      href="mailto:dracomithril@gmail.com?subject=[WCSChartAdmin]"
    >
      <i
        className="fas fa-envelope"
      />
       contact me
    </a>
  </span>
  <br />
  <a
    href="/policy"
  >
    <i
      className="fab fa-facebook-square"
    />
     Policy
  </a>
</footer>
`;
