// Jest Snapshot v1, https://goo.gl/fbAQLP

exports[`<LoginAlert/> renders without crashing ChartPresenter 1`] = `
<Jumbotron
  bsClass="login-info"
  componentClass="div"
>
  <h4>
    To start working witch us you need to login to facebook and spotify.
    <i
      className="fa fa-heart"
    />
  </h4>
  <t
    appId="1173486879387948"
    autoLoad={true}
    callback={[Function]}
    cssClass="btn btn-social btn-facebook"
    fields="id,email,name,first_name,picture,groups{administrator}"
    icon="fa fa-facebook"
    language="pl_PL"
    scope="public_profile,email,user_managed_groups"
    size="metro"
    tag="button"
    textButton="Login with Facebook"
    typeButton="button"
  />
  <SpotifyLogin />
</Jumbotron>
`;
