// Jest Snapshot v1, https://goo.gl/fbAQLP

exports[`<PickYourDate/> renders without crashing 1`] = `
<div
  id="pickYourDate"
>
  <OverlayTrigger
    defaultOverlayShown={false}
    overlay={
      <Tooltip
        bsClass="tooltip"
        id="go_back"
        placement="right"
      >
        How far in time you will travel
      </Tooltip>
    }
    trigger={
      Array [
        "hover",
        "focus",
      ]
    }
  >
    <span
      style={
        Object {
          "paddingRight": 10,
        }
      }
    >
      go back 
      <input
        className="num_days"
        max={62}
        min={0}
        name="show_last"
        onChange={[Function]}
        step={1}
        type="number"
        value={31}
      />
       days
    </span>
  </OverlayTrigger>
  <OverlayTrigger
    defaultOverlayShown={false}
    overlay={
      <Popover
        bsClass="popover"
        id="more_options_chose_date"
        placement="right"
      >
        <div
          className="datePiker"
        >
          <Checkbox
            bsClass="checkbox"
            checked={undefined}
            disabled={false}
            inline={false}
            name="enable_until"
            onChange={[Function]}
            title=""
          >
            Use date: 
          </Checkbox>
          <DatePicker
            allowSameDay={false}
            dateFormat="DD/MM/YYYY"
            dateFormatCalendar="MMMM YYYY"
            disabled={true}
            disabledKeyboardNavigation={false}
            dropdownMode="scroll"
            monthsShown={1}
            onBlur={[Function]}
            onChange={[Function]}
            onClickOutside={[Function]}
            onFocus={[Function]}
            onKeyDown={[Function]}
            onMonthChange={[Function]}
            onSelect={[Function]}
            onYearChange={[Function]}
            preventOpenOnFocus={false}
            selected={undefined}
            shouldCloseOnSelect={true}
            showTimeSelect={false}
            timeIntervals={30}
            withPortal={false}
          />
        </div>
      </Popover>
    }
    placement="bottom"
    trigger="click"
  >
    <Button
      active={false}
      block={false}
      bsClass="btn"
      bsSize="small"
      bsStyle="default"
      className="fa fa-angle-double-down"
      disabled={false}
    />
  </OverlayTrigger>
</div>
`;
