// Jest Snapshot v1, https://goo.gl/fbAQLP

exports[`<PickYourDate/> renders without crashing 1`] = `
<div
  className="pick-your-date"
>
  <OverlayTrigger
    defaultOverlayShown={false}
    overlay={
      <Tooltip
        bsClass="tooltip"
        id="go_back"
        placement="right"
      >
        How far in time you will travel
      </Tooltip>
    }
    trigger={
      Array [
        "hover",
        "focus",
      ]
    }
  >
    <span
      style={
        Object {
          "paddingBottom": 5,
          "paddingRight": 10,
        }
      }
    >
      go back 
      <input
        className="filter-option__days"
        max={62}
        min={0}
        name="showLast"
        onChange={[Function]}
        step={1}
        type="number"
      />
       days
    </span>
  </OverlayTrigger>
  <br />
  <div
    className="pick-your-date__date-picker"
  >
    starting from
    <button
      className="pick-your-date__button"
      onClick={[Function]}
    />
  </div>
</div>
`;
