// Jest Snapshot v1, https://goo.gl/fbAQLP

exports[`<PlaylistCombiner/> renders without crashing ChartPresenter 1`] = `
<div>
  <h3>
    Combiner
    <strong
      style={
        Object {
          "color": "red",
        }
      }
    >
      (BETA)
    </strong>
  </h3>
  <div>
    <span>
      Combiner gets only 50 last active playlists from your spotify account and from that list selects only playlists that belongs to the user that you are looking for. Right now there is no simple way to look for users using their Name or Surname. Only valid 'spotify id' is valid. If account is created using Facebook creation 'spotify id' is number that is hard to obtain. Sorry we will work on it.
    </span>
  </div>
  <PlaylistInfo
    info={
      Object {
        "url": null,
      }
    }
  />
  <div
    style={
      Object {
        "display": "inline-block",
      }
    }
  >
    <div
      id="from_playlist"
    >
      <label>
        From: 
        <input
          autoComplete="on"
          onChange={[Function]}
          onKeyPress={[Function]}
          placeholder="spotify user name"
          type="text"
          value=""
        />
      </label>
      <Button
        active={false}
        block={false}
        bsClass="btn"
        bsStyle="default"
        className="fa fa-search"
        disabled={false}
        onClick={[Function]}
        type="submit"
      />
      <div
        className="playlists_view_conteiner"
      />
    </div>
    <div
      id="destination_panel"
    >
      <h5>
        To:
      </h5>
      <div>
        <input
          checked={true}
          id="existing"
          onChange={[Function]}
          type="radio"
        />
        <label
          target="select_user_playlist"
        >
          Existing List 
        </label>
        <br />
        <select
          disabled={false}
          id="select_user_playlist"
        />
        <br />
        <input
          checked={false}
          id="new_list"
          onChange={[Function]}
          type="radio"
        />
        <label
          target="new_list_txt"
        >
          New playlist
        </label>
        <br />
        <input
          disabled={true}
          id="new_list_txt"
          onChange={[Function]}
          placeholder="new playlist"
          type="text"
          value=""
        />
      </div>
      <Button
        active={false}
        block={false}
        bsClass="btn"
        bsStyle="danger"
        disabled={false}
        onClick={[Function]}
      >
        Combine
      </Button>
    </div>
  </div>
</div>
`;
