// Jest Snapshot v1, https://goo.gl/fbAQLP

exports[`<RowSpotifySearch/> renders without crashing 1`] = `
<tr
  style={
    Object {
      "background": "red",
    }
  }
>
  <td>
    <div
      className="track_view error_bg"
    >
      <span />
      <br />
      <input
        id={0}
        onChange={[Function]}
        type="text"
        value=""
      />
      <button
        onClick={[Function]}
      >
        <i
          aria-hidden="true"
          className="fa fa-refresh"
        />
      </button>
      <input
        id={0}
        onChange={[Function]}
        type="text"
        value=""
      />
    </div>
  </td>
  <td>
    <div>
      <ButtonGroup
        block={false}
        bsClass="btn-group"
        justified={false}
        vertical={true}
      >
        <Button
          active={false}
          block={false}
          bsClass="btn"
          bsStyle="info"
          disabled={false}
          id="button-0"
          onClick={[Function]}
        >
          search
        </Button>
        <DropdownButton
          bsStyle="warning"
          disabled={true}
          id="dropdown-basic-0"
          key="0"
          title="select"
        />
      </ButtonGroup>
    </div>
  </td>
  <td />
</tr>
`;
