// Jest Snapshot v1, https://goo.gl/fbAQLP

exports[`<RowSpotifySearch/> renders without crashing 1`] = `
<div
  className="row-spotify-search__root--error"
>
  <span>
    No Title
  </span>
  <div>
    <div>
      <div
        className="row-spotify-search__track-search--error"
      >
        <label
          htmlFor="undefined_artist"
        >
          artist:
          <input
            id="undefined_artist"
            onChange={[Function]}
            placeholder="artist name"
            type="text"
            value=""
          />
        </label>
        <label
          htmlFor="undefined_title"
        >
          title:
          <input
            id="undefined_title"
            onChange={[Function]}
            placeholder="song title"
            type="text"
            value=""
          />
        </label>
        <div
          className="row-spotify-search__button-group"
        >
          <button
            onClick={[Function]}
            title="swap artist with title"
          >
            <FontAwesomeIcon$1
              border={false}
              className=""
              fixedWidth={false}
              flip={null}
              icon={
                Object {
                  "icon": Array [
                    512,
                    512,
                    Array [],
                    "f021",
                    "M440.935 12.574l3.966 82.766C399.416 41.904 331.674 8 256 8 134.813 8 33.933 94.924 12.296 209.824 10.908 217.193 16.604 224 24.103 224h49.084c5.57 0 10.377-3.842 11.676-9.259C103.407 137.408 172.931 80 256 80c60.893 0 114.512 30.856 146.104 77.801l-101.53-4.865c-6.845-.328-12.574 5.133-12.574 11.986v47.411c0 6.627 5.373 12 12 12h200.333c6.627 0 12-5.373 12-12V12c0-6.627-5.373-12-12-12h-47.411c-6.853 0-12.315 5.729-11.987 12.574zM256 432c-60.895 0-114.517-30.858-146.109-77.805l101.868 4.871c6.845.327 12.573-5.134 12.573-11.986v-47.412c0-6.627-5.373-12-12-12H12c-6.627 0-12 5.373-12 12V500c0 6.627 5.373 12 12 12h47.385c6.863 0 12.328-5.745 11.985-12.599l-4.129-82.575C112.725 470.166 180.405 504 256 504c121.187 0 222.067-86.924 243.704-201.824 1.388-7.369-4.308-14.176-11.807-14.176h-49.084c-5.57 0-10.377 3.842-11.676 9.259C408.593 374.592 339.069 432 256 432z",
                  ],
                  "iconName": "sync",
                  "prefix": "fas",
                }
              }
              listItem={false}
              mask={null}
              name=""
              pull={null}
              pulse={false}
              rotation={null}
              size={null}
              spin={false}
              symbol={false}
              transform={null}
            />
          </button>
          <button
            id="button-undefined"
            onClick={[Function]}
            title="search for tracks"
          >
            <FontAwesomeIcon$1
              border={false}
              className=""
              fixedWidth={false}
              flip={null}
              icon={
                Object {
                  "icon": Array [
                    512,
                    512,
                    Array [],
                    "f002",
                    "M505 442.7L405.3 343c-4.5-4.5-10.6-7-17-7H372c27.6-35.3 44-79.7 44-128C416 93.1 322.9 0 208 0S0 93.1 0 208s93.1 208 208 208c48.3 0 92.7-16.4 128-44v16.3c0 6.4 2.5 12.5 7 17l99.7 99.7c9.4 9.4 24.6 9.4 33.9 0l28.3-28.3c9.4-9.4 9.4-24.6.1-34zM208 336c-70.7 0-128-57.2-128-128 0-70.7 57.2-128 128-128 70.7 0 128 57.2 128 128 0 70.7-57.2 128-128 128z",
                  ],
                  "iconName": "search",
                  "prefix": "fas",
                }
              }
              listItem={false}
              mask={null}
              name=""
              pull={null}
              pulse={false}
              rotation={null}
              size={null}
              spin={false}
              symbol={false}
              transform={null}
            />
          </button>
          <button
            onClick={[Function]}
            title="clear selected"
          >
            <FontAwesomeIcon$1
              border={false}
              className=""
              fixedWidth={false}
              flip={null}
              icon={
                Object {
                  "icon": Array [
                    384,
                    512,
                    Array [],
                    "f00d",
                    "M323.1 441l53.9-53.9c9.4-9.4 9.4-24.5 0-33.9L279.8 256l97.2-97.2c9.4-9.4 9.4-24.5 0-33.9L323.1 71c-9.4-9.4-24.5-9.4-33.9 0L192 168.2 94.8 71c-9.4-9.4-24.5-9.4-33.9 0L7 124.9c-9.4 9.4-9.4 24.5 0 33.9l97.2 97.2L7 353.2c-9.4 9.4-9.4 24.5 0 33.9L60.9 441c9.4 9.4 24.5 9.4 33.9 0l97.2-97.2 97.2 97.2c9.3 9.3 24.5 9.3 33.9 0z",
                  ],
                  "iconName": "times",
                  "prefix": "fas",
                }
              }
              listItem={false}
              mask={null}
              name=""
              pull={null}
              pulse={false}
              rotation={null}
              size={null}
              spin={false}
              symbol={false}
              transform={null}
            />
          </button>
        </div>
      </div>
    </div>
  </div>
</div>
`;
