// Jest Snapshot v1, https://goo.gl/fbAQLP

exports[`<SongsPerDay/> renders without crashing 1`] = `
<SongsPerDay
  classes={
    Object {
      "button": "SongsPerDay-button-1",
      "label": "SongsPerDay-label-3",
      "typography": "SongsPerDay-typography-2",
    }
  }
  errorDays={Array []}
/>
`;
