// Jest Snapshot v1, https://goo.gl/fbAQLP

exports[`<SongsPerDay/> renders without crashing 1`] = `
<div
  className="songsPerDay_good"
  id="songsPerDay"
>
  <div
    style={
      Object {
        "float": "left",
        "paddingTop": 10,
        "width": "80%",
      }
    }
  >
    <label
      htmlFor="songs_per_day"
      style={
        Object {
          "float": "left",
          "paddingTop": 3,
        }
      }
    >
      songs per day
      <input
        className="num_days"
        id="songs_per_day"
        max={10}
        min={1}
        name="songs_per_day"
        onChange={[Function]}
        step={1}
        style={
          Object {
            "width": 30,
          }
        }
        type="number"
      />
    </label>
  </div>
  <div
    style={
      Object {
        "float": "left",
        "paddingTop": 5,
        "width": "20%",
      }
    }
  >
    <ErrorDaysIndicator
      error_days={Array []}
      less={true}
    />
    <ErrorDaysIndicator
      error_days={Array []}
    />
  </div>
</div>
`;
