// Jest Snapshot v1, https://goo.gl/fbAQLP

exports[`<SpotifySearch/> renders without crashing 1`] = `
<div
  className="spotify-search"
>
  <div
    className="spotify-search__header"
  >
    create
    <i
      aria-hidden="true"
      className="fab fa-spotify"
    />
    spotify playlist:
  </div>
  <PlaylistInfo
    info={
      Object {
        "url": null,
      }
    }
  />
  <PlaylistForm
    hasElements={false}
    onCreatePlaylistClick={[Function]}
    onStartClick={[Function]}
  />
</div>
`;
