// Jest Snapshot v1, https://goo.gl/fbAQLP

exports[`<Summary/> renders without crashing 1`] = `
<div
  className="summary"
>
  <h3
    id="summary"
  >
    Summary
    <Button
      active={false}
      block={false}
      bsClass="btn"
      bsStyle="info"
      disabled={false}
      onClick={[Function]}
    >
      <i
        className="fa fa-clipboard"
      />
    </Button>
    <Button
      active={false}
      block={false}
      bsClass="btn"
      bsStyle="default"
      disabled={true}
      onClick={[Function]}
    >
      Publish2
      <i
        className="fa fa-facebook-official"
      />
    </Button>
  </h3>
  <h6>
    [WCS Weekly Westletter]
  </h6>
  <textarea
    className="write_your_mind"
    defaultValue=""
    id="textarea_add"
    onChange={[Function]}
    placeholder="Here write what you want"
  />
  <div>
    <span
      style={
        Object {
          "color": "red",
        }
      }
    >
      Here will be list of tracks your choosing
    </span>
  </div>
  <div
    id="popover-contained"
    title="Print list"
  />
  <h6>
    Link to spotify playlist: 
    <span
      style={
        Object {
          "color": "red",
        }
      }
    >
      No link
    </span>
  </h6>
  <textarea
    className="write_your_mind"
    defaultValue=""
    id="riddler"
    onChange={[Function]}
    placeholder="riddle that you have in mind"
  />
  <br />
  <label
    htmlFor="link2riddle"
  >
    Link for Riddle
    <input
      id="link2riddle"
      onChange={[Function]}
      placeholder=" link to riddle"
      type="text"
      value=""
    />
  </label>
</div>
`;
