// Jest Snapshot v1, https://goo.gl/fbAQLP

exports[`<UserInfo/> renders without crashing 1`] = `
<Well
  bsClass="logged"
>
  <div>
    <span>
      Hi, stranger
    </span>
    <br />
    <span>
      it is nice to see you again.
    </span>
    <br />
    <t
      appId="1173486879387948"
      autoLoad={true}
      callback={[Function]}
      cssClass="kep-login-facebook"
      fields="id,email,name,first_name,picture,groups{administrator}"
      language="pl_PL"
      scope="public_profile,email,user_managed_groups"
      size="metro"
      tag="button"
      textButton="Login with Facebook"
      typeButton="button"
    />
    <div
      style={
        Object {
          "textAlign": "center",
        }
      }
    >
      <Button
        active={false}
        block={false}
        bsClass="btn"
        bsStyle="warning"
        disabled={false}
        onClick={[Function]}
      >
        Sign out
      </Button>
    </div>
  </div>
</Well>
`;
