// Jest Snapshot v1, https://goo.gl/fbAQLP

exports[`<UserInfo/> renders without crashing 1`] = `
<Well
  bsClass="logged"
>
  <div>
    <span>
      Hi, stranger
    </span>
    <br />
    <span>
      it is nice to see you again.
    </span>
    <br />
    <SpotifyUser />
    <div
      style={
        Object {
          "textAlign": "center",
        }
      }
    >
      <Button
        active={false}
        block={false}
        bsClass="btn"
        bsStyle="warning"
        disabled={false}
        onClick={[Function]}
      >
        Sign out
      </Button>
    </div>
  </div>
</Well>
`;
